2004.11.21 10:07 B D:\Inetpub\emergencyskills\images\about.gif <-- ftp-dom.earthlink.net /disk/2/site/e/www.emergencyskills.com/http/images about.gif
2004.11.21 10:07 B D:\Inetpub\emergencyskills\images\about_over.gif <-- ftp-dom.earthlink.net /disk/2/site/e/www.emergencyskills.com/http/images about_over.gif
2004.11.21 10:07 B D:\Inetpub\emergencyskills\images\aed_big.jpg <-- ftp-dom.earthlink.net /disk/2/site/e/www.emergencyskills.com/http/images aed_big.jpg
2004.11.21 10:07 B D:\Inetpub\emergencyskills\images\aed_bracket.jpg <-- ftp-dom.earthlink.net /disk/2/site/e/www.emergencyskills.com/http/images aed_bracket.jpg
2004.11.21 10:07 B D:\Inetpub\emergencyskills\images\aed_cabinet.jpg <-- ftp-dom.earthlink.net /disk/2/site/e/www.emergencyskills.com/http/images aed_cabinet.jpg
2004.11.21 10:07 B D:\Inetpub\emergencyskills\images\aed_sm.gif <-- ftp-dom.earthlink.net /disk/2/site/e/www.emergencyskills.com/http/images aed_sm.gif
2004.11.21 10:07 B D:\Inetpub\emergencyskills\images\aed_small.jpg <-- ftp-dom.earthlink.net /disk/2/site/e/www.emergencyskills.com/http/images aed_small.jpg
2004.11.21 10:07 B D:\Inetpub\emergencyskills\images\aed_top.gif <-- ftp-dom.earthlink.net /disk/2/site/e/www.emergencyskills.com/http/images aed_top.gif
2004.11.21 10:07 B D:\Inetpub\emergencyskills\images\aed_top3.psd <-- ftp-dom.earthlink.net /disk/2/site/e/www.emergencyskills.com/http/images aed_top3.psd
2004.11.21 10:07 B D:\Inetpub\emergencyskills\images\backtotop.gif <-- ftp-dom.earthlink.net /disk/2/site/e/www.emergencyskills.com/http/images backtotop.gif
2004.11.21 10:08 B D:\Inetpub\emergencyskills\images\banner.jpg <-- ftp-dom.earthlink.net /disk/2/site/e/www.emergencyskills.com/http/images banner.jpg
2004.11.21 10:08 B D:\Inetpub\emergencyskills\images\banner1.jpg <-- ftp-dom.earthlink.net /disk/2/site/e/www.emergencyskills.com/http/images banner1.jpg
2004.11.21 10:08 B D:\Inetpub\emergencyskills\images\banner2.jpg <-- ftp-dom.earthlink.net /disk/2/site/e/www.emergencyskills.com/http/images banner2.jpg
2004.11.21 10:08 B D:\Inetpub\emergencyskills\images\box_aed.gif <-- ftp-dom.earthlink.net /disk/2/site/e/www.emergencyskills.com/http/images box_aed.gif
2004.11.21 10:08 B D:\Inetpub\emergencyskills\images\box_aed_bottom.gif <-- ftp-dom.earthlink.net /disk/2/site/e/www.emergencyskills.com/http/images box_aed_bottom.gif
2004.11.21 10:08 B D:\Inetpub\emergencyskills\images\box_aed_left.gif <-- ftp-dom.earthlink.net /disk/2/site/e/www.emergencyskills.com/http/images box_aed_left.gif
2004.11.21 10:08 B D:\Inetpub\emergencyskills\images\box_aed_right.gif <-- ftp-dom.earthlink.net /disk/2/site/e/www.emergencyskills.com/http/images box_aed_right.gif
2004.11.21 10:08 B D:\Inetpub\emergencyskills\images\box_tp.gif <-- ftp-dom.earthlink.net /disk/2/site/e/www.emergencyskills.com/http/images box_tp.gif
2004.11.21 10:08 B D:\Inetpub\emergencyskills\images\contact.gif <-- ftp-dom.earthlink.net /disk/2/site/e/www.emergencyskills.com/http/images contact.gif
2004.11.21 10:08 B D:\Inetpub\emergencyskills\images\contact_over.gif <-- ftp-dom.earthlink.net /disk/2/site/e/www.emergencyskills.com/http/images contact_over.gif
2004.11.21 10:08 B D:\Inetpub\emergencyskills\images\corptrain.gif <-- ftp-dom.earthlink.net /disk/2/site/e/www.emergencyskills.com/http/images corptrain.gif
2004.11.21 10:08 B D:\Inetpub\emergencyskills\images\defdriving.gif <-- ftp-dom.earthlink.net /disk/2/site/e/www.emergencyskills.com/http/images defdriving.gif
2004.11.21 10:08 B D:\Inetpub\emergencyskills\images\dotclear.gif <-- ftp-dom.earthlink.net /disk/2/site/e/www.emergencyskills.com/http/images dotclear.gif
2004.11.21 10:08 B D:\Inetpub\emergencyskills\images\email.jpg <-- ftp-dom.earthlink.net /disk/2/site/e/www.emergencyskills.com/http/images email.jpg
2004.11.21 10:08 B D:\Inetpub\emergencyskills\images\esi_logo1.gif <-- ftp-dom.earthlink.net /disk/2/site/e/www.emergencyskills.com/http/images esi_logo1.gif
2004.11.21 10:08 B D:\Inetpub\emergencyskills\images\esi_logo2.gif <-- ftp-dom.earthlink.net /disk/2/site/e/www.emergencyskills.com/http/images esi_logo2.gif
2004.11.21 10:08 B D:\Inetpub\emergencyskills\images\esi_logo_new.gif <-- ftp-dom.earthlink.net /disk/2/site/e/www.emergencyskills.com/http/images esi_logo_new.gif
2004.11.21 10:08 B D:\Inetpub\emergencyskills\images\firstaid_kit.gif <-- ftp-dom.earthlink.net /disk/2/site/e/www.emergencyskills.com/http/images firstaid_kit.gif
2004.11.21 10:08 B D:\Inetpub\emergencyskills\images\firstaid_kit2.gif <-- ftp-dom.earthlink.net /disk/2/site/e/www.emergencyskills.com/http/images firstaid_kit2.gif
2004.11.21 10:08 B D:\Inetpub\emergencyskills\images\forerunner_accessories.shtml <-- ftp-dom.earthlink.net /disk/2/site/e/www.emergencyskills.com/http/images forerunner_accessories.shtml
2004.11.21 10:08 B D:\Inetpub\emergencyskills\images\forerunner_aed.jpg <-- ftp-dom.earthlink.net /disk/2/site/e/www.emergencyskills.com/http/images forerunner_aed.jpg
2004.11.21 10:08 B D:\Inetpub\emergencyskills\images\forerunner_battery.gif <-- ftp-dom.earthlink.net /disk/2/site/e/www.emergencyskills.com/http/images forerunner_battery.gif
2004.11.21 10:08 B D:\Inetpub\emergencyskills\images\fr21.jpg <-- ftp-dom.earthlink.net /disk/2/site/e/www.emergencyskills.com/http/images fr21.jpg
2004.11.21 10:08 B D:\Inetpub\emergencyskills\images\fr22.jpg <-- ftp-dom.earthlink.net /disk/2/site/e/www.emergencyskills.com/http/images fr22.jpg
2004.11.21 10:08 B D:\Inetpub\emergencyskills\images\fr2_accessories.shtml <-- ftp-dom.earthlink.net /disk/2/site/e/www.emergencyskills.com/http/images fr2_accessories.shtml
2004.11.21 10:08 B D:\Inetpub\emergencyskills\images\fr2_aed.gif <-- ftp-dom.earthlink.net /disk/2/site/e/www.emergencyskills.com/http/images fr2_aed.gif
2004.11.21 10:08 B D:\Inetpub\emergencyskills\images\fr2_battery.gif <-- ftp-dom.earthlink.net /disk/2/site/e/www.emergencyskills.com/http/images fr2_battery.gif
2004.11.21 10:08 B D:\Inetpub\emergencyskills\images\fr2_card.gif <-- ftp-dom.earthlink.net /disk/2/site/e/www.emergencyskills.com/http/images fr2_card.gif
2004.11.21 10:08 B D:\Inetpub\emergencyskills\images\fr2_case.gif <-- ftp-dom.earthlink.net /disk/2/site/e/www.emergencyskills.com/http/images fr2_case.gif
2004.11.21 10:08 B D:\Inetpub\emergencyskills\images\fr2_chpads.gif <-- ftp-dom.earthlink.net /disk/2/site/e/www.emergencyskills.com/http/images fr2_chpads.gif
2004.11.21 10:08 B D:\Inetpub\emergencyskills\images\fr2_kit.gif <-- ftp-dom.earthlink.net /disk/2/site/e/www.emergencyskills.com/http/images fr2_kit.gif
2004.11.21 10:08 B D:\Inetpub\emergencyskills\images\fr2_pads.gif <-- ftp-dom.earthlink.net /disk/2/site/e/www.emergencyskills.com/http/images fr2_pads.gif
2004.11.21 10:08 B D:\Inetpub\emergencyskills\images\freedomribbon2.gif <-- ftp-dom.earthlink.net /disk/2/site/e/www.emergencyskills.com/http/images freedomribbon2.gif
2004.11.21 10:08 B D:\Inetpub\emergencyskills\images\gloves_valve.gif <-- ftp-dom.earthlink.net /disk/2/site/e/www.emergencyskills.com/http/images gloves_valve.gif
2004.11.21 10:08 B D:\Inetpub\emergencyskills\images\gloves_valve2.gif <-- ftp-dom.earthlink.net /disk/2/site/e/www.emergencyskills.com/http/images gloves_valve2.gif
2004.11.21 10:08 B D:\Inetpub\emergencyskills\images\home.gif <-- ftp-dom.earthlink.net /disk/2/site/e/www.emergencyskills.com/http/images home.gif
2004.11.21 10:08 B D:\Inetpub\emergencyskills\images\home_over.gif <-- ftp-dom.earthlink.net /disk/2/site/e/www.emergencyskills.com/http/images home_over.gif
2004.11.21 10:08 B D:\Inetpub\emergencyskills\images\indivtrain.gif <-- ftp-dom.earthlink.net /disk/2/site/e/www.emergencyskills.com/http/images indivtrain.gif
2004.11.21 10:08 B D:\Inetpub\emergencyskills\images\leftnav_bottomswoosh.gif <-- ftp-dom.earthlink.net /disk/2/site/e/www.emergencyskills.com/http/images leftnav_bottomswoosh.gif
2004.11.21 10:08 B D:\Inetpub\emergencyskills\images\leftnav_bottomswoosh2.gif <-- ftp-dom.earthlink.net /disk/2/site/e/www.emergencyskills.com/http/images leftnav_bottomswoosh2.gif
2004.11.21 10:08 B D:\Inetpub\emergencyskills\images\leftnav_bottomswoosh3.gif <-- ftp-dom.earthlink.net /disk/2/site/e/www.emergencyskills.com/http/images leftnav_bottomswoosh3.gif
2004.11.21 10:08 B D:\Inetpub\emergencyskills\images\leftnav_bottomswoosh4.gif <-- ftp-dom.earthlink.net /disk/2/site/e/www.emergencyskills.com/http/images leftnav_bottomswoosh4.gif
2004.11.21 10:09 B D:\Inetpub\emergencyskills\images\links.gif <-- ftp-dom.earthlink.net /disk/2/site/e/www.emergencyskills.com/http/images links.gif
2004.11.21 10:09 B D:\Inetpub\emergencyskills\images\links_over.gif <-- ftp-dom.earthlink.net /disk/2/site/e/www.emergencyskills.com/http/images links_over.gif
2004.11.21 10:09 B D:\Inetpub\emergencyskills\images\lncol_corpsales.gif <-- ftp-dom.earthlink.net /disk/2/site/e/www.emergencyskills.com/http/images lncol_corpsales.gif
2004.11.21 10:09 B D:\Inetpub\emergencyskills\images\lncol_defdriving_off.gif <-- ftp-dom.earthlink.net /disk/2/site/e/www.emergencyskills.com/http/images lncol_defdriving_off.gif
2004.11.21 10:09 B D:\Inetpub\emergencyskills\images\lncol_defdriving_on.gif <-- ftp-dom.earthlink.net /disk/2/site/e/www.emergencyskills.com/http/images lncol_defdriving_on.gif
2004.11.21 10:09 B D:\Inetpub\emergencyskills\images\lncol_heartstart_off.gif <-- ftp-dom.earthlink.net /disk/2/site/e/www.emergencyskills.com/http/images lncol_heartstart_off.gif
2004.11.21 10:09 B D:\Inetpub\emergencyskills\images\lncol_heartstart_on.gif <-- ftp-dom.earthlink.net /disk/2/site/e/www.emergencyskills.com/http/images lncol_heartstart_on.gif
2004.11.21 10:09 B D:\Inetpub\emergencyskills\images\lncol_shop_off.gif <-- ftp-dom.earthlink.net /disk/2/site/e/www.emergencyskills.com/http/images lncol_shop_off.gif
2004.11.21 10:09 B D:\Inetpub\emergencyskills\images\lncol_shop_on.gif <-- ftp-dom.earthlink.net /disk/2/site/e/www.emergencyskills.com/http/images lncol_shop_on.gif
2004.11.21 10:09 B D:\Inetpub\emergencyskills\images\lncol_trainingprog_off.gif <-- ftp-dom.earthlink.net /disk/2/site/e/www.emergencyskills.com/http/images lncol_trainingprog_off.gif
2004.11.21 10:09 B D:\Inetpub\emergencyskills\images\lncol_trainingprog_on.gif <-- ftp-dom.earthlink.net /disk/2/site/e/www.emergencyskills.com/http/images lncol_trainingprog_on.gif
2004.11.21 10:09 B D:\Inetpub\emergencyskills\images\lncol_trainingsched_off.gif <-- ftp-dom.earthlink.net /disk/2/site/e/www.emergencyskills.com/http/images lncol_trainingsched_off.gif
2004.11.21 10:09 B D:\Inetpub\emergencyskills\images\lncol_trainingsched_on.gif <-- ftp-dom.earthlink.net /disk/2/site/e/www.emergencyskills.com/http/images lncol_trainingsched_on.gif
2004.11.21 10:09 B D:\Inetpub\emergencyskills\images\lnexp_alivefirstaid_off.gif <-- ftp-dom.earthlink.net /disk/2/site/e/www.emergencyskills.com/http/images lnexp_alivefirstaid_off.gif
2004.11.21 10:09 B D:\Inetpub\emergencyskills\images\lnexp_alivefirstaid_on.gif <-- ftp-dom.earthlink.net /disk/2/site/e/www.emergencyskills.com/http/images lnexp_alivefirstaid_on.gif
2004.11.21 10:09 B D:\Inetpub\emergencyskills\images\lnexp_childalive_off.gif <-- ftp-dom.earthlink.net /disk/2/site/e/www.emergencyskills.com/http/images lnexp_childalive_off.gif
2004.11.21 10:09 B D:\Inetpub\emergencyskills\images\lnexp_childalive_on.gif <-- ftp-dom.earthlink.net /disk/2/site/e/www.emergencyskills.com/http/images lnexp_childalive_on.gif
2004.11.21 10:09 B D:\Inetpub\emergencyskills\images\lnexp_cprff_off.gif <-- ftp-dom.earthlink.net /disk/2/site/e/www.emergencyskills.com/http/images lnexp_cprff_off.gif
2004.11.21 10:09 B D:\Inetpub\emergencyskills\images\lnexp_cprff_on.gif <-- ftp-dom.earthlink.net /disk/2/site/e/www.emergencyskills.com/http/images lnexp_cprff_on.gif
2004.11.21 10:09 B D:\Inetpub\emergencyskills\images\lnexp_defdriving_off.gif <-- ftp-dom.earthlink.net /disk/2/site/e/www.emergencyskills.com/http/images lnexp_defdriving_off.gif
2004.11.21 10:09 B D:\Inetpub\emergencyskills\images\lnexp_defdriving_on.gif <-- ftp-dom.earthlink.net /disk/2/site/e/www.emergencyskills.com/http/images lnexp_defdriving_on.gif
2004.11.21 10:09 B D:\Inetpub\emergencyskills\images\lnexp_firstres_off.gif <-- ftp-dom.earthlink.net /disk/2/site/e/www.emergencyskills.com/http/images lnexp_firstres_off.gif
2004.11.21 10:09 B D:\Inetpub\emergencyskills\images\lnexp_firstres_on.gif <-- ftp-dom.earthlink.net /disk/2/site/e/www.emergencyskills.com/http/images lnexp_firstres_on.gif
2004.11.21 10:09 B D:\Inetpub\emergencyskills\images\lnexp_heartsaveraed_off.gif <-- ftp-dom.earthlink.net /disk/2/site/e/www.emergencyskills.com/http/images lnexp_heartsaveraed_off.gif
2004.11.21 10:09 B D:\Inetpub\emergencyskills\images\lnexp_heartsaveraed_on.gif <-- ftp-dom.earthlink.net /disk/2/site/e/www.emergencyskills.com/http/images lnexp_heartsaveraed_on.gif
2004.11.21 10:09 B D:\Inetpub\emergencyskills\images\lnexp_heartsavercpr_off.gif <-- ftp-dom.earthlink.net /disk/2/site/e/www.emergencyskills.com/http/images lnexp_heartsavercpr_off.gif
2004.11.21 10:09 B D:\Inetpub\emergencyskills\images\lnexp_heartsavercpr_on.gif <-- ftp-dom.earthlink.net /disk/2/site/e/www.emergencyskills.com/http/images lnexp_heartsavercpr_on.gif
2004.11.21 10:09 B D:\Inetpub\emergencyskills\images\lnexp_heartstart_off.gif <-- ftp-dom.earthlink.net /disk/2/site/e/www.emergencyskills.com/http/images lnexp_heartstart_off.gif
2004.11.21 10:09 B D:\Inetpub\emergencyskills\images\lnexp_heartstart_on.gif <-- ftp-dom.earthlink.net /disk/2/site/e/www.emergencyskills.com/http/images lnexp_heartstart_on.gif
2004.11.21 10:09 B D:\Inetpub\emergencyskills\images\lnexp_shop_off.gif <-- ftp-dom.earthlink.net /disk/2/site/e/www.emergencyskills.com/http/images lnexp_shop_off.gif
2004.11.21 10:09 B D:\Inetpub\emergencyskills\images\lnexp_shop_on.gif <-- ftp-dom.earthlink.net /disk/2/site/e/www.emergencyskills.com/http/images lnexp_shop_on.gif
2004.11.21 10:09 B D:\Inetpub\emergencyskills\images\lnexp_trainingprog_off.gif <-- ftp-dom.earthlink.net /disk/2/site/e/www.emergencyskills.com/http/images lnexp_trainingprog_off.gif
2004.11.21 10:09 B D:\Inetpub\emergencyskills\images\lnexp_trainingprog_on.gif <-- ftp-dom.earthlink.net /disk/2/site/e/www.emergencyskills.com/http/images lnexp_trainingprog_on.gif
2004.11.21 10:09 B D:\Inetpub\emergencyskills\images\lnexp_trainingsched_off.gif <-- ftp-dom.earthlink.net /disk/2/site/e/www.emergencyskills.com/http/images lnexp_trainingsched_off.gif
2004.11.21 10:09 B D:\Inetpub\emergencyskills\images\lnexp_trainingsched_on.gif <-- ftp-dom.earthlink.net /disk/2/site/e/www.emergencyskills.com/http/images lnexp_trainingsched_on.gif
2004.11.21 10:09 B D:\Inetpub\emergencyskills\images\microshield.gif <-- ftp-dom.earthlink.net /disk/2/site/e/www.emergencyskills.com/http/images microshield.gif
2004.11.21 10:09 B D:\Inetpub\emergencyskills\images\nav_col_accessories_off.gif <-- ftp-dom.earthlink.net /disk/2/site/e/www.emergencyskills.com/http/images nav_col_accessories_off.gif
2004.11.21 10:09 B D:\Inetpub\emergencyskills\images\nav_col_accessories_off.gifBKP <-- ftp-dom.earthlink.net /disk/2/site/e/www.emergencyskills.com/http/images nav_col_accessories_off.gifBKP
2004.11.21 10:09 B D:\Inetpub\emergencyskills\images\nav_col_accessories_on.gif <-- ftp-dom.earthlink.net /disk/2/site/e/www.emergencyskills.com/http/images nav_col_accessories_on.gif
2004.11.21 10:09 B D:\Inetpub\emergencyskills\images\nav_col_accessories_on.gifBKP <-- ftp-dom.earthlink.net /disk/2/site/e/www.emergencyskills.com/http/images nav_col_accessories_on.gifBKP
2004.11.21 10:09 B D:\Inetpub\emergencyskills\images\nav_col_heartstart_off.gif <-- ftp-dom.earthlink.net /disk/2/site/e/www.emergencyskills.com/http/images nav_col_heartstart_off.gif
2004.11.21 10:09 B D:\Inetpub\emergencyskills\images\nav_col_heartstart_on.gif <-- ftp-dom.earthlink.net /disk/2/site/e/www.emergencyskills.com/http/images nav_col_heartstart_on.gif
2004.11.21 10:10 B D:\Inetpub\emergencyskills\images\nav_col_training_off.gif <-- ftp-dom.earthlink.net /disk/2/site/e/www.emergencyskills.com/http/images nav_col_training_off.gif
2004.11.21 10:10 B D:\Inetpub\emergencyskills\images\nav_col_training_on.gif <-- ftp-dom.earthlink.net /disk/2/site/e/www.emergencyskills.com/http/images nav_col_training_on.gif
2004.11.21 10:10 B D:\Inetpub\emergencyskills\images\nav_col_trainsched_off.gif <-- ftp-dom.earthlink.net /disk/2/site/e/www.emergencyskills.com/http/images nav_col_trainsched_off.gif
2004.11.21 10:10 B D:\Inetpub\emergencyskills\images\nav_col_trainsched_on.gif <-- ftp-dom.earthlink.net /disk/2/site/e/www.emergencyskills.com/http/images nav_col_trainsched_on.gif
2004.11.21 10:10 B D:\Inetpub\emergencyskills\images\nav_exp_accessories_off.gif <-- ftp-dom.earthlink.net /disk/2/site/e/www.emergencyskills.com/http/images nav_exp_accessories_off.gif
2004.11.21 10:10 B D:\Inetpub\emergencyskills\images\nav_exp_accessories_on.gif <-- ftp-dom.earthlink.net /disk/2/site/e/www.emergencyskills.com/http/images nav_exp_accessories_on.gif
2004.11.21 10:10 B D:\Inetpub\emergencyskills\images\nav_exp_ca_off.gif <-- ftp-dom.earthlink.net /disk/2/site/e/www.emergencyskills.com/http/images nav_exp_ca_off.gif
2004.11.21 10:10 B D:\Inetpub\emergencyskills\images\nav_exp_ca_on.gif <-- ftp-dom.earthlink.net /disk/2/site/e/www.emergencyskills.com/http/images nav_exp_ca_on.gif
2004.11.21 10:10 B D:\Inetpub\emergencyskills\images\nav_exp_fa_off.gif <-- ftp-dom.earthlink.net /disk/2/site/e/www.emergencyskills.com/http/images nav_exp_fa_off.gif
2004.11.21 10:10 B D:\Inetpub\emergencyskills\images\nav_exp_fa_on.gif <-- ftp-dom.earthlink.net /disk/2/site/e/www.emergencyskills.com/http/images nav_exp_fa_on.gif
2004.11.21 10:10 B D:\Inetpub\emergencyskills\images\nav_exp_ff_off.gif <-- ftp-dom.earthlink.net /disk/2/site/e/www.emergencyskills.com/http/images nav_exp_ff_off.gif
2004.11.21 10:10 B D:\Inetpub\emergencyskills\images\nav_exp_ff_on.gif <-- ftp-dom.earthlink.net /disk/2/site/e/www.emergencyskills.com/http/images nav_exp_ff_on.gif
2004.11.21 10:10 B D:\Inetpub\emergencyskills\images\nav_exp_fr_off.gif <-- ftp-dom.earthlink.net /disk/2/site/e/www.emergencyskills.com/http/images nav_exp_fr_off.gif
2004.11.21 10:10 B D:\Inetpub\emergencyskills\images\nav_exp_fr_on.gif <-- ftp-dom.earthlink.net /disk/2/site/e/www.emergencyskills.com/http/images nav_exp_fr_on.gif
2004.11.21 10:10 B D:\Inetpub\emergencyskills\images\nav_exp_heartstart_off.gif <-- ftp-dom.earthlink.net /disk/2/site/e/www.emergencyskills.com/http/images nav_exp_heartstart_off.gif
2004.11.21 10:10 B D:\Inetpub\emergencyskills\images\nav_exp_heartstart_on.gif <-- ftp-dom.earthlink.net /disk/2/site/e/www.emergencyskills.com/http/images nav_exp_heartstart_on.gif
2004.11.21 10:10 B D:\Inetpub\emergencyskills\images\nav_exp_hsaed_off.gif <-- ftp-dom.earthlink.net /disk/2/site/e/www.emergencyskills.com/http/images nav_exp_hsaed_off.gif
2004.11.21 10:10 B D:\Inetpub\emergencyskills\images\nav_exp_hsaed_on.gif <-- ftp-dom.earthlink.net /disk/2/site/e/www.emergencyskills.com/http/images nav_exp_hsaed_on.gif
2004.11.21 10:10 B D:\Inetpub\emergencyskills\images\nav_exp_hscpr_off.gif <-- ftp-dom.earthlink.net /disk/2/site/e/www.emergencyskills.com/http/images nav_exp_hscpr_off.gif
2004.11.21 10:10 B D:\Inetpub\emergencyskills\images\nav_exp_hscpr_on.gif <-- ftp-dom.earthlink.net /disk/2/site/e/www.emergencyskills.com/http/images nav_exp_hscpr_on.gif
2004.11.21 10:10 B D:\Inetpub\emergencyskills\images\nav_exp_training_off.gif <-- ftp-dom.earthlink.net /disk/2/site/e/www.emergencyskills.com/http/images nav_exp_training_off.gif
2004.11.21 10:10 B D:\Inetpub\emergencyskills\images\nav_exp_training_on.gif <-- ftp-dom.earthlink.net /disk/2/site/e/www.emergencyskills.com/http/images nav_exp_training_on.gif
2004.11.21 10:10 B D:\Inetpub\emergencyskills\images\nav_exp_trainsched_off.gif <-- ftp-dom.earthlink.net /disk/2/site/e/www.emergencyskills.com/http/images nav_exp_trainsched_off.gif
2004.11.21 10:10 B D:\Inetpub\emergencyskills\images\nav_exp_trainsched_on.gif <-- ftp-dom.earthlink.net /disk/2/site/e/www.emergencyskills.com/http/images nav_exp_trainsched_on.gif
2004.11.21 10:10 B D:\Inetpub\emergencyskills\images\new.gif <-- ftp-dom.earthlink.net /disk/2/site/e/www.emergencyskills.com/http/images new.gif
2004.11.21 10:10 B D:\Inetpub\emergencyskills\images\onsite1.jpg <-- ftp-dom.earthlink.net /disk/2/site/e/www.emergencyskills.com/http/images onsite1.jpg
2004.11.21 10:10 B D:\Inetpub\emergencyskills\images\onsite2.jpg <-- ftp-dom.earthlink.net /disk/2/site/e/www.emergencyskills.com/http/images onsite2.jpg
2004.11.21 10:10 B D:\Inetpub\emergencyskills\images\onsite_accessories.shtml <-- ftp-dom.earthlink.net /disk/2/site/e/www.emergencyskills.com/http/images onsite_accessories.shtml
2004.11.21 10:10 B D:\Inetpub\emergencyskills\images\onsite_aed.jpg <-- ftp-dom.earthlink.net /disk/2/site/e/www.emergencyskills.com/http/images onsite_aed.jpg
2004.11.21 10:10 B D:\Inetpub\emergencyskills\images\os_battery.gif <-- ftp-dom.earthlink.net /disk/2/site/e/www.emergencyskills.com/http/images os_battery.gif
2004.11.21 10:10 B D:\Inetpub\emergencyskills\images\os_case.gif <-- ftp-dom.earthlink.net /disk/2/site/e/www.emergencyskills.com/http/images os_case.gif
2004.11.21 10:10 B D:\Inetpub\emergencyskills\images\os_chpads.jpg <-- ftp-dom.earthlink.net /disk/2/site/e/www.emergencyskills.com/http/images os_chpads.jpg
2004.11.21 10:10 B D:\Inetpub\emergencyskills\images\os_pads.gif <-- ftp-dom.earthlink.net /disk/2/site/e/www.emergencyskills.com/http/images os_pads.gif
2004.11.21 10:10 B D:\Inetpub\emergencyskills\images\pocketmask.gif <-- ftp-dom.earthlink.net /disk/2/site/e/www.emergencyskills.com/http/images pocketmask.gif
2004.11.21 10:10 B D:\Inetpub\emergencyskills\images\prog.gif <-- ftp-dom.earthlink.net /disk/2/site/e/www.emergencyskills.com/http/images prog.gif
2004.11.21 10:10 B D:\Inetpub\emergencyskills\images\prog_over.gif <-- ftp-dom.earthlink.net /disk/2/site/e/www.emergencyskills.com/http/images prog_over.gif
2004.11.21 10:10 B D:\Inetpub\emergencyskills\images\registration_button.gif <-- ftp-dom.earthlink.net /disk/2/site/e/www.emergencyskills.com/http/images registration_button.gif
2004.11.21 10:10 B D:\Inetpub\emergencyskills\images\ribbon.gif <-- ftp-dom.earthlink.net /disk/2/site/e/www.emergencyskills.com/http/images ribbon.gif
2004.11.21 10:10 B D:\Inetpub\emergencyskills\images\schedule.gif <-- ftp-dom.earthlink.net /disk/2/site/e/www.emergencyskills.com/http/images schedule.gif
2004.11.21 10:10 B D:\Inetpub\emergencyskills\images\schedule_over.gif <-- ftp-dom.earthlink.net /disk/2/site/e/www.emergencyskills.com/http/images schedule_over.gif
2004.11.21 10:10 B D:\Inetpub\emergencyskills\images\spotlight.gif <-- ftp-dom.earthlink.net /disk/2/site/e/www.emergencyskills.com/http/images spotlight.gif
2004.11.21 10:10 B D:\Inetpub\emergencyskills\images\spotlight_over.gif <-- ftp-dom.earthlink.net /disk/2/site/e/www.emergencyskills.com/http/images spotlight_over.gif
2004.11.21 10:10 B D:\Inetpub\emergencyskills\images\stoplight.gif <-- ftp-dom.earthlink.net /disk/2/site/e/www.emergencyskills.com/http/images stoplight.gif
2004.11.21 10:10 B D:\Inetpub\emergencyskills\images\swoosh.gif <-- ftp-dom.earthlink.net /disk/2/site/e/www.emergencyskills.com/http/images swoosh.gif
2004.11.21 10:10 B D:\Inetpub\emergencyskills\images\topbanner.jpg <-- ftp-dom.earthlink.net /disk/2/site/e/www.emergencyskills.com/http/images topbanner.jpg
2004.11.21 10:10 B D:\Inetpub\emergencyskills\images\topnav_background.jpg <-- ftp-dom.earthlink.net /disk/2/site/e/www.emergencyskills.com/http/images topnav_background.jpg
2004.11.21 10:10 B D:\Inetpub\emergencyskills\images\tsi1.gif <-- ftp-dom.earthlink.net /disk/2/site/e/www.emergencyskills.com/http/images tsi1.gif
2004.11.21 10:10 B D:\Inetpub\emergencyskills\images\tsi2.gif <-- ftp-dom.earthlink.net /disk/2/site/e/www.emergencyskills.com/http/images tsi2.gif
2004.11.21 10:10 B D:\Inetpub\emergencyskills\images\tsi_bsc.gif <-- ftp-dom.earthlink.net /disk/2/site/e/www.emergencyskills.com/http/images tsi_bsc.gif
2004.11.21 10:10 B D:\Inetpub\emergencyskills\images\tsi_go.gif <-- ftp-dom.earthlink.net /disk/2/site/e/www.emergencyskills.com/http/images tsi_go.gif
2004.11.21 10:11 B D:\Inetpub\emergencyskills\images\tsi_nysc.gif <-- ftp-dom.earthlink.net /disk/2/site/e/www.emergencyskills.com/http/images tsi_nysc.gif
2004.11.21 10:11 B D:\Inetpub\emergencyskills\images\tsi_psc.gif <-- ftp-dom.earthlink.net /disk/2/site/e/www.emergencyskills.com/http/images tsi_psc.gif
2004.11.21 10:11 B D:\Inetpub\emergencyskills\images\tsi_summit.gif <-- ftp-dom.earthlink.net /disk/2/site/e/www.emergencyskills.com/http/images tsi_summit.gif
2004.11.21 10:11 B D:\Inetpub\emergencyskills\images\tsi_summit.jpg <-- ftp-dom.earthlink.net /disk/2/site/e/www.emergencyskills.com/http/images tsi_summit.jpg
2004.11.21 10:11 B D:\Inetpub\emergencyskills\images\tsi_wsc.gif <-- ftp-dom.earthlink.net /disk/2/site/e/www.emergencyskills.com/http/images tsi_wsc.gif
